
> ddw-studio@0.1.0 build
> next build

   Γû▓ Next.js 15.5.12
   - Environments: .env

   Creating an optimized production build ...
 Γ£ô Compiled successfully in 13.1s
   Linting and checking validity of types ...
   Collecting page data ...
   Generating static pages (0/23) ...
   Generating static pages (5/23) 
   Generating static pages (11/23) 
   Generating static pages (17/23) 
 Γ£ô Generating static pages (23/23)
   Finalizing page optimization ...
   Collecting build traces ...

Route (app)                                 Size  First Load JS
Γöî Γùï /_not-found                            989 B         103 kB
Γö£ ΓùÅ /[locale]                            9.24 kB         180 kB
Γö£   Γö£ /en
Γö£   Γöö /it
Γö£ ΓùÅ /[locale]/about                      3.37 kB         174 kB
Γö£   Γö£ /en/about
Γö£   Γöö /it/about
Γö£ ΓùÅ /[locale]/coming-soon                1.14 kB         172 kB
Γö£   Γö£ /en/coming-soon
Γö£   Γöö /it/coming-soon
Γö£ ΓùÅ /[locale]/cookies                    1.34 kB         172 kB
Γö£   Γö£ /en/cookies
Γö£   Γöö /it/cookies
Γö£ ΓùÅ /[locale]/privacy                    1.71 kB         173 kB
Γö£   Γö£ /en/privacy
Γö£   Γöö /it/privacy
Γö£ ΓùÅ /[locale]/products/fleet-os          5.37 kB         176 kB
Γö£   Γö£ /en/products/fleet-os
Γö£   Γöö /it/products/fleet-os
Γö£ ΓùÅ /[locale]/products/hr-os             6.04 kB         177 kB
Γö£   Γö£ /en/products/hr-os
Γö£   Γöö /it/products/hr-os
Γö£ ΓùÅ /[locale]/products/lyra              6.49 kB         177 kB
Γö£   Γö£ /en/products/lyra
Γö£   Γöö /it/products/lyra
Γö£ ΓùÅ /[locale]/products/proposal-gen      6.32 kB         177 kB
Γö£   Γö£ /en/products/proposal-gen
Γö£   Γöö /it/products/proposal-gen
Γöö ΓùÅ /[locale]/terms                      1.58 kB         173 kB
    Γö£ /en/terms
    Γöö /it/terms
+ First Load JS shared by all             102 kB
  Γö£ chunks/702dcff7-81e9018dda7d1cec.js  54.2 kB
  Γö£ chunks/853-8179bc45ec448fa2.js         46 kB
  Γöö other shared chunks (total)          1.99 kB


╞Æ Middleware                             45.5 kB

Γùï  (Static)  prerendered as static content
ΓùÅ  (SSG)     prerendered as static HTML (uses generateStaticParams)

